// Jest Snapshot v1, https:
//goo.gl/fbaqlp
exports[`navbar component renders 1`] = `<navbar />`;JestSnapshotv1,https
